// Jest Snapshot v1, https://goo.gl/fbAQLP

exports[`matches snapshot 1`] = `
<DocumentFragment>
  <div
    class="ColorBox"
  >
    <div
      class="MuiGrid-root makeStyles-container-5"
    >
      <div
        class="MuiBox-root MuiBox-root-8 Styled(MuiBox)-root-7 ColorBox-Box2"
      />
      <button
        class="MuiButtonBase-root MuiButton-root MuiButton-text makeStyles-box-6"
        tabindex="0"
        type="button"
      >
        <span
          class="MuiButton-label"
        >
          X
        </span>
        <span
          class="MuiTouchRipple-root"
        />
      </button>
    </div>
  </div>
</DocumentFragment>
`;
